{
  "problems": [
    {
      "id": "fruit/cherry",
      "track_id": "fruit",
      "language": "fruit",
      "slug": "cherry",
      "name": "Cherry",
      "files": {
        "cherry.tst": "assert 'cherry'\n",
        "README.md": "# Cherry\n\n* cherry\n* cherry again\n\nThe SETUP.md file is deprecated, and exercises/TRACK_HINTS.md should be used.\n\n\n\n## Submitting Incomplete Solutions\nIt's possible to submit an incomplete solution so you can see how others have completed the exercise.\n\n"
      },
      "fresh": false
    }
  ]
}
