{
  "problems": [
    {
      "id": "fake/three",
      "track_id": "fake",
      "language": "fake",
      "slug": "three",
      "name": "Three",
      "files": {
        "three_test.ext": "assert 'one'\n",
        "README.md": "# Three\n\n* three\n* three again\n\n## Source\n\nThe internet. [http://example.com/3](http://example.com/3)\n\n## Submitting Incomplete Solutions\nIt's possible to submit an incomplete solution so you can see how others have completed the exercise.\n\n"
      },
      "fresh": false
    },
    {
      "id": "jewels/hello-world",
      "track_id": "jewels",
      "language": "jewels",
      "slug": "hello-world",
      "name": "Hello World",
      "files": {
        "hello_world_test.ext": "assert 'hello'\n",
        "README.md": "# Hello World\n\n* hello\n* hello again\n\nThis is the content of the track hints file\n\n## Source\n\nThe internet. [http://example.com](http://example.com)\n\n## Submitting Incomplete Solutions\nIt's possible to submit an incomplete solution so you can see how others have completed the exercise.\n\n"
      },
      "fresh": false
    },
    {
      "id": "fruit/cherry",
      "track_id": "fruit",
      "language": "fruit",
      "slug": "cherry",
      "name": "Cherry",
      "files": {
        "cherry.tst": "assert 'cherry'\n",
        "README.md": "# Cherry\n\n* cherry\n* cherry again\n\nThe SETUP.md file is deprecated, and docs/EXERCISE_README_INSERT.md should be used.\n\n\n\n## Submitting Incomplete Solutions\nIt's possible to submit an incomplete solution so you can see how others have completed the exercise.\n\n"
      },
      "fresh": false
    }
  ]
}
