{
  "id": "fake",
  "docs": {
    "about": "Language Information\n",
    "installation": "Installing\n![](/docs/img/test.jpg)\n",
    "tests": "Running\n![](http://example.org/abc/docs/img/test.jpg)\n",
    "learning": "Learning Fake!\n",
    "resources": "Fake resources for Fake!\n"
  }
}
