[0] {"slug"=>"banana", "blurb"=>"This is banana.", "readme_url"=>"https://github.com/exercism/problem-specifications/blob/master/exercises/banana/description.md", "data"=>nil, "implementations"=>[{"track_id"=>"fruit", "url"=>"https://example.com/exercism/xfruit/tree/master/exercises/banana"}, {"track_id"=>"snowflake", "url"=>"https://example.com/exercism/xsnowflake/tree/master/exercises/banana"}]}
[1] {"slug"=>"cherry", "blurb"=>"This is cherry.", "readme_url"=>"https://github.com/exercism/problem-specifications/blob/master/exercises/cherry/description.md", "data"=>nil, "implementations"=>[{"track_id"=>"fruit", "url"=>"https://example.com/exercism/xfruit/tree/master/exercises/cherry"}, {"track_id"=>"snowflake", "url"=>"https://example.com/exercism/xsnowflake/tree/master/exercises/cherry"}]}
[2] {"slug"=>"imbe", "blurb"=>"This is imbe.", "readme_url"=>"https://github.com/exercism/problem-specifications/blob/master/exercises/imbe/description.md", "data"=>nil, "implementations"=>[]}
[3] {"slug"=>"mango", "blurb"=>"This is mango.", "readme_url"=>"https://github.com/exercism/problem-specifications/blob/master/exercises/mango/description.md", "data"=>"https://github.com/exercism/problem-specifications/blob/master/exercises/mango/canonical-data.json", "implementations"=>[]}
