{
	"id" => "fake"
	"language" => "Fake"
	"repository" => "https://github.com/exercism/xfake"
	"checklist_issue" => 5
	"gitter" => nil
	"image" => "http://x.exercism.io/v3/tracks/fake/img/icon.png"
	"todo" => ["banana", "cherry", "imbe", "mango"]
	"active" => true
	"implemented" => true
	"doc_format" => "org"
	"test_pattern" => "(?i-mx:test)"
	"docs" => {"about"=>"Language Information\n", "installation"=>"Installing\n![](/docs/img/test.jpg)\n", "tests"=>"Running\n![](http://example.org/abc/docs/img/test.jpg)\n", "learning"=>"Learning Fake!\n", "resources"=>"Fake resources for Fake!\n"}
	"problems" => [{"slug"=>"hello-world", "name"=>"Hello World", "blurb"=>"Oh, hello."}, {"slug"=>"one", "name"=>"One", "blurb"=>"This is one."}, {"slug"=>"two", "name"=>"Two", "blurb"=>"This is two."}, {"slug"=>"three", "name"=>"Three", "blurb"=>"This is three."}]
}
