[0] {"id"=>"coins", "language"=>"", "repository"=>"", "checklist_issue"=>1, "gitter"=>nil, "image"=>"http://x.exercism.io/v3/tracks/coins/img/icon.png", "todo"=>["hello-world", "apple", "banana", "cherry", "dog", "one", "three", "two", "imbe", "mango"], "active"=>false, "implemented"=>false, "doc_format"=>"md", "test_pattern"=>"(?i-mx:test)", "docs"=>{"about"=>"", "installation"=>"", "tests"=>"", "learning"=>"", "resources"=>""}, "problems"=>[]}
[1] {"id"=>"animal", "language"=>"Animal", "repository"=>"https://github.com/exercism/xanimal", "checklist_issue"=>1, "gitter"=>nil, "image"=>"http://x.exercism.io/v3/tracks/animal/img/icon.png", "todo"=>["apple", "banana", "cherry", "one", "three", "two", "imbe", "mango"], "active"=>true, "implemented"=>true, "doc_format"=>"md", "test_pattern"=>"(?-mix:a.*animal)", "docs"=>{"about"=>"", "installation"=>"", "tests"=>"", "learning"=>"", "resources"=>""}, "problems"=>[{"slug"=>"dog", "name"=>"Dog", "blurb"=>"This is dog."}]}
[2] {"id"=>"fake", "language"=>"Fake", "repository"=>"https://github.com/exercism/xfake", "checklist_issue"=>5, "gitter"=>nil, "image"=>"http://x.exercism.io/v3/tracks/fake/img/icon.png", "todo"=>["banana", "cherry", "imbe", "mango"], "active"=>true, "implemented"=>true, "doc_format"=>"org", "test_pattern"=>"(?i-mx:test)", "docs"=>{"about"=>"Language Information\n", "installation"=>"Installing\n![](/docs/img/test.jpg)\n", "tests"=>"Running\n![](http://example.org/abc/docs/img/test.jpg)\n", "learning"=>"Learning Fake!\n", "resources"=>""}, "problems"=>[{"slug"=>"hello-world", "name"=>"Hello World", "blurb"=>"Oh, hello."}, {"slug"=>"one", "name"=>"One", "blurb"=>"This is one."}, {"slug"=>"two", "name"=>"Two", "blurb"=>"This is two."}, {"slug"=>"three", "name"=>"Three", "blurb"=>"This is three."}]}
[3] {"id"=>"jewels", "language"=>"Fancy Stones", "repository"=>"https://github.com/exercism/xjewels", "checklist_issue"=>1, "gitter"=>nil, "image"=>"http://x.exercism.io/v3/tracks/jewels/img/icon.png", "todo"=>["apple", "banana", "cherry", "dog", "one", "three", "two", "imbe", "mango"], "active"=>true, "implemented"=>true, "doc_format"=>"md", "test_pattern"=>"(?i-mx:test)", "docs"=>{"about"=>"", "installation"=>"", "tests"=>"", "learning"=>"", "resources"=>""}, "problems"=>[{"slug"=>"hello-world", "name"=>"Hello World", "blurb"=>"Oh, hello."}]}
[4] {"id"=>"fruit", "language"=>"Fruit", "repository"=>"https://example.com/exercism/xfruit", "checklist_issue"=>1, "gitter"=>"xfruit", "image"=>"http://x.exercism.io/v3/tracks/fruit/img/icon.png", "todo"=>["hello-world", "dog", "one", "three", "two", "imbe", "mango"], "active"=>true, "implemented"=>true, "doc_format"=>"md", "test_pattern"=>"(?-mix:\\.tst$)", "docs"=>{"about"=>"", "installation"=>"", "tests"=>"", "learning"=>"", "resources"=>""}, "problems"=>[{"slug"=>"apple", "name"=>"Apple", "blurb"=>"This is apple."}, {"slug"=>"banana", "name"=>"Banana", "blurb"=>"This is banana."}, {"slug"=>"cherry", "name"=>"Cherry", "blurb"=>"This is cherry."}]}
[5] {"id"=>"shoes", "language"=>"Shoes & Boots", "repository"=>"https://github.com/exercism/xshoes", "checklist_issue"=>1, "gitter"=>nil, "image"=>"http://x.exercism.io/v3/tracks/shoes/img/icon.png", "todo"=>["apple", "banana", "cherry", "dog", "one", "three", "two", "imbe", "mango"], "active"=>false, "implemented"=>true, "doc_format"=>"md", "test_pattern"=>"(?i-mx:test)", "docs"=>{"about"=>"", "installation"=>"", "tests"=>"", "learning"=>"", "resources"=>""}, "problems"=>[{"slug"=>"hello-world", "name"=>"Hello World", "blurb"=>"Oh, hello."}]}
[6] {"id"=>"snowflake", "language"=>"Snowflake", "repository"=>"https://example.com/exercism/xsnowflake", "checklist_issue"=>1, "gitter"=>nil, "image"=>"http://x.exercism.io/v3/tracks/snowflake/img/icon.png", "todo"=>["hello-world", "dog", "one", "three", "two", "imbe", "mango"], "active"=>true, "implemented"=>true, "doc_format"=>"md", "test_pattern"=>"(?-mix:\\.tst$)", "docs"=>{"about"=>"", "installation"=>"", "tests"=>"", "learning"=>"", "resources"=>""}, "problems"=>[{"slug"=>"apple", "name"=>"Apple", "blurb"=>"This is apple."}, {"slug"=>"banana", "name"=>"Banana", "blurb"=>"This is banana."}, {"slug"=>"cherry", "name"=>"Cherry", "blurb"=>"This is cherry."}, {"slug"=>"snowflake-only", "name"=>"Snowflake Only", "blurb"=>"This exercise only exists in snowflake"}]}
[7] {"id"=>"vehicles", "language"=>"Transportation Services", "repository"=>"https://github.com/exercism/xvehicles", "checklist_issue"=>1, "gitter"=>nil, "image"=>"http://x.exercism.io/v3/tracks/vehicles/img/icon.png", "todo"=>["hello-world", "apple", "banana", "cherry", "dog", "one", "three", "two", "imbe", "mango"], "active"=>false, "implemented"=>false, "doc_format"=>"md", "test_pattern"=>"(?i-mx:test)", "docs"=>{"about"=>"", "installation"=>"", "tests"=>"", "learning"=>"", "resources"=>""}, "problems"=>[]}
